C51 COMPILER V9.60.7.0   12864                                                             04/22/2023 11:02:33 PAGE 1   


C51 COMPILER V9.60.7.0, COMPILATION OF MODULE 12864
OBJECT MODULE PLACED IN .\Objects\12864.obj
COMPILER INVOKED BY: C:\Keil_v5\C51\BIN\C51.EXE 12864.c OPTIMIZE(8,SPEED) BROWSE DEBUG OBJECTEXTEND PRINT(.\Listings\128
                    -64.lst) TABS(2) OBJECT(.\Objects\12864.obj)

line level    source

   1          #include "12864.h"
   2          
   3          /********************************************************************
   4          功    能：定义字库：Hzk-汉字库，Szk-数字库，Fhk-符号库，Zmk-字母库
   5          参    数：无
   6          返回值  ：无
   7          使用方法：根据需要自备
   8          *********************************************************************/
   9          uchar code Hzk[]={
  10          /*--  文字:  ℃  --*/
  11          /*--  宋体12;  此字体下对应的点阵为：宽x高=16x16   --*/
  12          0x06,0x09,0x09,0xE6,0xF8,0x0C,0x04,0x02,0x02,0x02,0x02,0x02,0x04,0x1E,0x00,0x00,
  13          0x00,0x00,0x00,0x07,0x1F,0x30,0x20,0x40,0x40,0x40,0x40,0x40,0x20,0x10,0x00,0x00,
  14          };
  15          uchar code Szk[]={
  16          /*--  文字:  0  --*/
  17          /*--  宋体12;  此字体下对应的点阵为：宽x高=8x16   --*/
  18          0x00,0xE0,0x10,0x08,0x08,0x10,0xE0,0x00,0x00,0x0F,0x10,0x20,0x20,0x10,0x0F,0x00,
  19          
  20          /*--  文字:  1  --*/
  21          /*--  宋体12;  此字体下对应的点阵为：宽x高=8x16   --*/
  22          0x00,0x00,0x10,0x10,0xF8,0x00,0x00,0x00,0x00,0x00,0x20,0x20,0x3F,0x20,0x20,0x00,
  23          
  24          /*--  文字:  2  --*/
  25          /*--  宋体12;  此字体下对应的点阵为：宽x高=8x16   --*/
  26          0x00,0x70,0x08,0x08,0x08,0x08,0xF0,0x00,0x00,0x30,0x28,0x24,0x22,0x21,0x30,0x00,
  27          
  28          /*--  文字:  3  --*/
  29          /*--  宋体12;  此字体下对应的点阵为：宽x高=8x16   --*/
  30          0x00,0x30,0x08,0x08,0x08,0x88,0x70,0x00,0x00,0x18,0x20,0x21,0x21,0x22,0x1C,0x00,
  31          
  32          /*--  文字:  4  --*/
  33          /*--  宋体12;  此字体下对应的点阵为：宽x高=8x16   --*/
  34          0x00,0x00,0x80,0x40,0x30,0xF8,0x00,0x00,0x00,0x06,0x05,0x24,0x24,0x3F,0x24,0x24,
  35          
  36          /*--  文字:  5  --*/
  37          /*--  宋体12;  此字体下对应的点阵为：宽x高=8x16   --*/
  38          0x00,0xF8,0x88,0x88,0x88,0x08,0x08,0x00,0x00,0x19,0x20,0x20,0x20,0x11,0x0E,0x00,
  39          
  40          /*--  文字:  6  --*/
  41          /*--  宋体12;  此字体下对应的点阵为：宽x高=8x16   --*/
  42          0x00,0xE0,0x10,0x88,0x88,0x90,0x00,0x00,0x00,0x0F,0x11,0x20,0x20,0x20,0x1F,0x00,
  43          
  44          /*--  文字:  7  --*/
  45          /*--  宋体12;  此字体下对应的点阵为：宽x高=8x16   --*/
  46          0x00,0x18,0x08,0x08,0x88,0x68,0x18,0x00,0x00,0x00,0x00,0x3E,0x01,0x00,0x00,0x00,
  47          
  48          /*--  文字:  8  --*/
  49          /*--  宋体12;  此字体下对应的点阵为：宽x高=8x16   --*/
  50          0x00,0x70,0x88,0x08,0x08,0x88,0x70,0x00,0x00,0x1C,0x22,0x21,0x21,0x22,0x1C,0x00,
  51          
  52          /*--  文字:  9  --*/
  53          /*--  宋体12;  此字体下对应的点阵为：宽x高=8x16   --*/
  54          0x00,0xF0,0x08,0x08,0x08,0x10,0xE0,0x00,0x00,0x01,0x12,0x22,0x22,0x11,0x0F,0x00,
C51 COMPILER V9.60.7.0   12864                                                             04/22/2023 11:02:33 PAGE 2   

  55          
  56          /*--  文字:  -  --*/
  57          /*--  宋体12;  此字体下对应的点阵为：宽x高=8x16   --*/
  58          0x00,0x00,0x00,0x00,0x00,0x00,0x00,0x00,0x00,0x01,0x01,0x01,0x01,0x01,0x01,0x00,
  59          };
  60          
  61          uchar code Fhk[]={
  62          /*--  文字:    --*/
  63          /*--  宋体12;  此字体下对应的点阵为：宽x高=8x16   --*/
  64          0x00,0x00,0x00,0x00,0x00,0x00,0x00,0x00,0x00,0x00,0x00,0x00,0x00,0x00,0x00,0x00,
  65            
  66          /*--  文字:  +  --*/
  67          /*--  宋体12;  此字体下对应的点阵为：宽x高=8x16   --*/
  68          0x00,0x00,0x00,0x00,0xE0,0x00,0x00,0x00,0x00,0x01,0x01,0x01,0x0F,0x01,0x01,0x01,
  69          
  70          /*--  文字:  -  --*/
  71          /*--  宋体12;  此字体下对应的点阵为：宽x高=8x16   --*/
  72          0x00,0x00,0x00,0x00,0x00,0x00,0x00,0x00,0x00,0x01,0x01,0x01,0x01,0x01,0x01,0x00,
  73          
  74          /*--  文字:  *  --*/
  75          /*--  宋体12;  此字体下对应的点阵为：宽x高=8x16   --*/
  76          0x40,0x40,0x80,0xF0,0x80,0x40,0x40,0x00,0x02,0x02,0x01,0x0F,0x01,0x02,0x02,0x00,
  77          
  78          /*--  文字:  /  --*/
  79          /*--  宋体12;  此字体下对应的点阵为：宽x高=8x16   --*/
  80          0x00,0x00,0x00,0x00,0xC0,0x38,0x04,0x00,0x00,0x60,0x18,0x07,0x00,0x00,0x00,0x00,
  81          
  82          /*--  文字:  ：  --*/
  83          /*--  宋体12;  此字体下对应的点阵为：宽x高=8x16   --*/
  84          0x00,0x00,0x00,0x00,0x00,0x00,0x00,0x00,0x00,0x00,0x36,0x36,0x00,0x00,0x00,0x00,
  85          
  86          /*--  文字:  ？  --*/
  87          /*--  宋体12;  此字体下对应的点阵为：宽x高=8x16   --*/
  88          0x00,0x00,0x38,0x34,0x02,0x82,0xC2,0x7C,0x00,0x00,0x00,0x00,0x00,0x37,0x37,0x00,
  89          
  90          /*--  文字:  ~  --*/
  91          /*--  宋体12;  此字体下对应的点阵为：宽x高=8x16   --*/
  92          0x00,0x02,0x01,0x02,0x02,0x04,0x02,0x00,0x00,0x00,0x00,0x00,0x00,0x00,0x00,0x00,
  93          
  94          /*--  文字:  %  --*/
  95          /*--  宋体12;  此字体下对应的点阵为：宽x高=8x16   --*/
  96          0xF0,0x08,0xF0,0x80,0x60,0x18,0x00,0x00,0x00,0x31,0x0C,0x03,0x1E,0x21,0x1E,0x00,
  97          
  98          /*--  文字:  #  --*/
  99          /*--  宋体12;  此字体下对应的点阵为：宽x高=8x16   --*/
 100          0x00,0x40,0xC0,0x78,0x40,0xC0,0x78,0x00,0x00,0x04,0x3F,0x04,0x04,0x3F,0x04,0x00,
 101          
 102          /*--  文字:  <  --*/
 103          /*--  宋体12;  此字体下对应的点阵为：宽x高=8x16   --*/
 104          0x00,0x00,0x80,0x40,0x20,0x10,0x08,0x00,0x00,0x01,0x02,0x04,0x08,0x10,0x20,0x00,
 105          
 106          /*--  文字:  >  --*/
 107          /*--  宋体12;  此字体下对应的点阵为：宽x高=8x16   --*/
 108          0x00,0x08,0x10,0x20,0x40,0x80,0x00,0x00,0x00,0x20,0x10,0x08,0x04,0x02,0x01,0x00,
 109          
 110          /*--  文字:  .  --*/
 111          /*--  宋体12;  此字体下对应的点阵为：宽x高=8x16   --*/
 112          0x00,0x00,0x00,0x00,0x00,0x00,0x00,0x00,0x00,0x30,0x30,0x00,0x00,0x00,0x00,0x00,
 113          };
 114          
 115          uchar code Zmk[]={
 116          /*--  文字:  A  --*/
C51 COMPILER V9.60.7.0   12864                                                             04/22/2023 11:02:33 PAGE 3   

 117          /*--  宋体12;  此字体下对应的点阵为：宽x高=8x16   --*/
 118          0x00,0x00,0xC0,0x38,0xE0,0x00,0x00,0x00,0x20,0x3C,0x23,0x02,0x02,0x27,0x38,0x20,
 119          
 120          /*--  文字:  B  --*/
 121          /*--  宋体12;  此字体下对应的点阵为：宽x高=8x16   --*/
 122          0x08,0xF8,0x88,0x88,0x88,0x70,0x00,0x00,0x20,0x3F,0x20,0x20,0x20,0x11,0x0E,0x00,
 123          
 124          /*--  文字:  C  --*/
 125          /*--  宋体12;  此字体下对应的点阵为：宽x高=8x16   --*/
 126          0xC0,0x30,0x08,0x08,0x08,0x08,0x38,0x00,0x07,0x18,0x20,0x20,0x20,0x10,0x08,0x00,
 127          
 128          /*--  文字:  D  --*/
 129          /*--  宋体12;  此字体下对应的点阵为：宽x高=8x16   --*/
 130          0x08,0xF8,0x08,0x08,0x08,0x10,0xE0,0x00,0x20,0x3F,0x20,0x20,0x20,0x10,0x0F,0x00,
 131          
 132          /*--  文字:  E  --*/
 133          /*--  宋体12;  此字体下对应的点阵为：宽x高=8x16   --*/
 134          0x08,0xF8,0x88,0x88,0xE8,0x08,0x10,0x00,0x20,0x3F,0x20,0x20,0x23,0x20,0x18,0x00,
 135          
 136          /*--  文字:  F  --*/
 137          /*--  宋体12;  此字体下对应的点阵为：宽x高=8x16   --*/
 138          0x08,0xF8,0x88,0x88,0xE8,0x08,0x10,0x00,0x20,0x3F,0x20,0x00,0x03,0x00,0x00,0x00,
 139          
 140          /*--  文字:  G  --*/
 141          /*--  宋体12;  此字体下对应的点阵为：宽x高=8x16   --*/
 142          0xC0,0x30,0x08,0x08,0x08,0x38,0x00,0x00,0x07,0x18,0x20,0x20,0x22,0x1E,0x02,0x00,
 143          
 144          /*--  文字:  H  --*/
 145          /*--  宋体12;  此字体下对应的点阵为：宽x高=8x16   --*/
 146          0x08,0xF8,0x08,0x00,0x00,0x08,0xF8,0x08,0x20,0x3F,0x21,0x01,0x01,0x21,0x3F,0x20,
 147          
 148          /*--  文字:  I  --*/
 149          /*--  宋体12;  此字体下对应的点阵为：宽x高=8x16   --*/
 150          0x00,0x08,0x08,0xF8,0x08,0x08,0x00,0x00,0x00,0x20,0x20,0x3F,0x20,0x20,0x00,0x00,
 151          
 152          /*--  文字:  J  --*/
 153          /*--  宋体12;  此字体下对应的点阵为：宽x高=8x16   --*/
 154          0x00,0x00,0x08,0x08,0xF8,0x08,0x08,0x00,0xC0,0x80,0x80,0x80,0x7F,0x00,0x00,0x00,
 155          
 156          /*--  文字:  K  --*/
 157          /*--  宋体12;  此字体下对应的点阵为：宽x高=8x16   --*/
 158          0x08,0xF8,0x88,0xC0,0x28,0x18,0x08,0x00,0x20,0x3F,0x20,0x01,0x26,0x38,0x20,0x00,
 159          
 160          /*--  文字:  L  --*/
 161          /*--  宋体12;  此字体下对应的点阵为：宽x高=8x16   --*/
 162          0x08,0xF8,0x08,0x00,0x00,0x00,0x00,0x00,0x20,0x3F,0x20,0x20,0x20,0x20,0x30,0x00,
 163          
 164          /*--  文字:  M  --*/
 165          /*--  宋体12;  此字体下对应的点阵为：宽x高=8x16   --*/
 166          0x08,0xF8,0xF8,0x00,0xF8,0xF8,0x08,0x00,0x20,0x3F,0x01,0x3E,0x01,0x3F,0x20,0x00,
 167          
 168          /*--  文字:  N  --*/
 169          /*--  宋体12;  此字体下对应的点阵为：宽x高=8x16   --*/
 170          0x08,0xF8,0x30,0xC0,0x00,0x08,0xF8,0x08,0x20,0x3F,0x20,0x00,0x07,0x18,0x3F,0x00,
 171          
 172          /*--  文字:  O  --*/
 173          /*--  宋体12;  此字体下对应的点阵为：宽x高=8x16   --*/
 174          0xE0,0x10,0x08,0x08,0x08,0x10,0xE0,0x00,0x0F,0x10,0x20,0x20,0x20,0x10,0x0F,0x00,
 175          
 176          /*--  文字:  P  --*/
 177          /*--  宋体12;  此字体下对应的点阵为：宽x高=8x16   --*/
 178          0x08,0xF8,0x08,0x08,0x08,0x08,0xF0,0x00,0x20,0x3F,0x21,0x01,0x01,0x01,0x00,0x00,
C51 COMPILER V9.60.7.0   12864                                                             04/22/2023 11:02:33 PAGE 4   

 179          
 180          /*--  文字:  Q  --*/
 181          /*--  宋体12;  此字体下对应的点阵为：宽x高=8x16   --*/
 182          0xE0,0x10,0x08,0x08,0x08,0x10,0xE0,0x00,0x0F,0x10,0x28,0x28,0x30,0x50,0x4F,0x00,
 183          
 184          /*--  文字:  R  --*/
 185          /*--  宋体12;  此字体下对应的点阵为：宽x高=8x16   --*/
 186          0x08,0xF8,0x88,0x88,0x88,0x88,0x70,0x00,0x20,0x3F,0x20,0x00,0x03,0x0C,0x30,0x20,
 187          
 188          /*--  文字:  S  --*/
 189          /*--  宋体12;  此字体下对应的点阵为：宽x高=8x16   --*/
 190          0x00,0x70,0x88,0x08,0x08,0x08,0x38,0x00,0x00,0x38,0x20,0x21,0x21,0x22,0x1C,0x00,
 191          
 192          /*--  文字:  T  --*/
 193          /*--  宋体12;  此字体下对应的点阵为：宽x高=8x16   --*/
 194          0x18,0x08,0x08,0xF8,0x08,0x08,0x18,0x00,0x00,0x00,0x20,0x3F,0x20,0x00,0x00,0x00,
 195          
 196          /*--  文字:  U  --*/
 197          /*--  宋体12;  此字体下对应的点阵为：宽x高=8x16   --*/
 198          0x08,0xF8,0x08,0x00,0x00,0x08,0xF8,0x08,0x00,0x1F,0x20,0x20,0x20,0x20,0x1F,0x00,
 199          
 200          /*--  文字:  V  --*/
 201          /*--  宋体12;  此字体下对应的点阵为：宽x高=8x16   --*/
 202          0x08,0x78,0x88,0x00,0x00,0xC8,0x38,0x08,0x00,0x00,0x07,0x38,0x0E,0x01,0x00,0x00,
 203          
 204          /*--  文字:  W  --*/
 205          /*--  宋体12;  此字体下对应的点阵为：宽x高=8x16   --*/
 206          0x08,0xF8,0x00,0xF8,0x00,0xF8,0x08,0x00,0x00,0x03,0x3E,0x01,0x3E,0x03,0x00,0x00,
 207          
 208          /*--  文字:  X  --*/
 209          /*--  宋体12;  此字体下对应的点阵为：宽x高=8x16   --*/
 210          0x08,0x18,0x68,0x80,0x80,0x68,0x18,0x08,0x20,0x30,0x2C,0x03,0x03,0x2C,0x30,0x20,
 211          
 212          /*--  文字:  Y  --*/
 213          /*--  宋体12;  此字体下对应的点阵为：宽x高=8x16   --*/
 214          0x08,0x38,0xC8,0x00,0xC8,0x38,0x08,0x00,0x00,0x00,0x20,0x3F,0x20,0x00,0x00,0x00,
 215          
 216          /*--  文字:  Z  --*/
 217          /*--  宋体12;  此字体下对应的点阵为：宽x高=8x16   --*/
 218          0x10,0x08,0x08,0x08,0xC8,0x38,0x08,0x00,0x20,0x38,0x26,0x21,0x20,0x20,0x18,0x00,
 219          
 220          /*--  文字:  a  --*/
 221          /*--  宋体12;  此字体下对应的点阵为：宽x高=8x16   --*/
 222          0x00,0x00,0x80,0x80,0x80,0x00,0x00,0x00,0x00,0x19,0x24,0x24,0x12,0x3F,0x20,0x00,
 223          
 224          /*--  文字:  b  --*/
 225          /*--  宋体12;  此字体下对应的点阵为：宽x高=8x16   --*/
 226          0x10,0xF0,0x00,0x80,0x80,0x00,0x00,0x00,0x00,0x3F,0x11,0x20,0x20,0x11,0x0E,0x00,
 227          
 228          /*--  文字:  c  --*/
 229          /*--  宋体12;  此字体下对应的点阵为：宽x高=8x16   --*/
 230          0x00,0x00,0x00,0x80,0x80,0x80,0x00,0x00,0x00,0x0E,0x11,0x20,0x20,0x20,0x11,0x00,
 231          
 232          /*--  文字:  d  --*/
 233          /*--  宋体12;  此字体下对应的点阵为：宽x高=8x16   --*/
 234          0x00,0x00,0x80,0x80,0x80,0x90,0xF0,0x00,0x00,0x1F,0x20,0x20,0x20,0x10,0x3F,0x20,
 235          
 236          /*--  文字:  e  --*/
 237          /*--  宋体12;  此字体下对应的点阵为：宽x高=8x16   --*/
 238          0x00,0x00,0x80,0x80,0x80,0x80,0x00,0x00,0x00,0x1F,0x24,0x24,0x24,0x24,0x17,0x00,
 239          
 240          /*--  文字:  f  --*/
C51 COMPILER V9.60.7.0   12864                                                             04/22/2023 11:02:33 PAGE 5   

 241          /*--  宋体12;  此字体下对应的点阵为：宽x高=8x16   --*/
 242          0x00,0x80,0x80,0xE0,0x90,0x90,0x20,0x00,0x00,0x20,0x20,0x3F,0x20,0x20,0x00,0x00,
 243          
 244          /*--  文字:  g  --*/
 245          /*--  宋体12;  此字体下对应的点阵为：宽x高=8x16   --*/
 246          0x00,0x00,0x80,0x80,0x80,0x80,0x80,0x00,0x00,0x6B,0x94,0x94,0x94,0x93,0x60,0x00,
 247          
 248          /*--  文字:  h  --*/
 249          /*--  宋体12;  此字体下对应的点阵为：宽x高=8x16   --*/
 250          0x10,0xF0,0x00,0x80,0x80,0x80,0x00,0x00,0x20,0x3F,0x21,0x00,0x00,0x20,0x3F,0x20,
 251          
 252          /*--  文字:  i  --*/
 253          /*--  宋体12;  此字体下对应的点阵为：宽x高=8x16   --*/
 254          0x00,0x80,0x98,0x98,0x00,0x00,0x00,0x00,0x00,0x20,0x20,0x3F,0x20,0x20,0x00,0x00,
 255          
 256          /*--  文字:  j  --*/
 257          /*--  宋体12;  此字体下对应的点阵为：宽x高=8x16   --*/
 258          0x00,0x00,0x00,0x80,0x98,0x98,0x00,0x00,0x00,0xC0,0x80,0x80,0x80,0x7F,0x00,0x00,
 259          
 260          /*--  文字:  k  --*/
 261          /*--  宋体12;  此字体下对应的点阵为：宽x高=8x16   --*/
 262          0x10,0xF0,0x00,0x00,0x80,0x80,0x80,0x00,0x20,0x3F,0x24,0x06,0x29,0x30,0x20,0x00,
 263          
 264          /*--  文字:  l  --*/
 265          /*--  宋体12;  此字体下对应的点阵为：宽x高=8x16   --*/
 266          0x00,0x10,0x10,0xF8,0x00,0x00,0x00,0x00,0x00,0x20,0x20,0x3F,0x20,0x20,0x00,0x00,
 267          
 268          /*--  文字:  m  --*/
 269          /*--  宋体12;  此字体下对应的点阵为：宽x高=8x16   --*/
 270          0x80,0x80,0x80,0x80,0x80,0x80,0x80,0x00,0x20,0x3F,0x20,0x00,0x3F,0x20,0x00,0x3F,
 271          
 272          /*--  文字:  n  --*/
 273          /*--  宋体12;  此字体下对应的点阵为：宽x高=8x16   --*/
 274          0x80,0x80,0x00,0x80,0x80,0x80,0x00,0x00,0x20,0x3F,0x21,0x00,0x00,0x20,0x3F,0x20,
 275          
 276          /*--  文字:  o  --*/
 277          /*--  宋体12;  此字体下对应的点阵为：宽x高=8x16   --*/
 278          0x00,0x00,0x80,0x80,0x80,0x80,0x00,0x00,0x00,0x1F,0x20,0x20,0x20,0x20,0x1F,0x00,
 279          
 280          /*--  文字:  p  --*/
 281          /*--  宋体12;  此字体下对应的点阵为：宽x高=8x16   --*/
 282          0x80,0x80,0x00,0x80,0x80,0x00,0x00,0x00,0x80,0xFF,0x91,0x20,0x20,0x11,0x0E,0x00,
 283          
 284          /*--  文字:  q  --*/
 285          /*--  宋体12;  此字体下对应的点阵为：宽x高=8x16   --*/
 286          0x00,0x00,0x00,0x80,0x80,0x00,0x80,0x00,0x00,0x0E,0x11,0x20,0x20,0x91,0xFF,0x80,
 287          
 288          /*--  文字:  r  --*/
 289          /*--  宋体12;  此字体下对应的点阵为：宽x高=8x16   --*/
 290          0x80,0x80,0x80,0x00,0x80,0x80,0x80,0x00,0x20,0x20,0x3F,0x21,0x20,0x00,0x01,0x00,
 291          
 292          /*--  文字:  s  --*/
 293          /*--  宋体12;  此字体下对应的点阵为：宽x高=8x16   --*/
 294          0x00,0x00,0x80,0x80,0x80,0x80,0x80,0x00,0x00,0x33,0x24,0x24,0x24,0x24,0x19,0x00,
 295          
 296          /*--  文字:  t  --*/
 297          /*--  宋体12;  此字体下对应的点阵为：宽x高=8x16   --*/
 298          0x00,0x80,0x80,0xE0,0x80,0x80,0x00,0x00,0x00,0x00,0x00,0x1F,0x20,0x20,0x10,0x00,
 299          
 300          /*--  文字:  u  --*/
 301          /*--  宋体12;  此字体下对应的点阵为：宽x高=8x16   --*/
 302          0x80,0x80,0x00,0x00,0x00,0x80,0x80,0x00,0x00,0x1F,0x20,0x20,0x20,0x10,0x3F,0x20,
C51 COMPILER V9.60.7.0   12864                                                             04/22/2023 11:02:33 PAGE 6   

 303          
 304          /*--  文字:  v  --*/
 305          /*--  宋体12;  此字体下对应的点阵为：宽x高=8x16   --*/
 306          0x80,0x80,0x80,0x00,0x80,0x80,0x80,0x00,0x00,0x03,0x0C,0x30,0x0C,0x03,0x00,0x00,
 307          
 308          /*--  文字:  w  --*/
 309          /*--  宋体12;  此字体下对应的点阵为：宽x高=8x16   --*/
 310          0x80,0x80,0x00,0x80,0x80,0x00,0x80,0x80,0x01,0x0E,0x30,0x0C,0x07,0x38,0x06,0x01,
 311          
 312          /*--  文字:  x  --*/
 313          /*--  宋体12;  此字体下对应的点阵为：宽x高=8x16   --*/
 314          0x00,0x80,0x80,0x80,0x00,0x80,0x80,0x00,0x00,0x20,0x31,0x0E,0x2E,0x31,0x20,0x00,
 315          
 316          /*--  文字:  y  --*/
 317          /*--  宋体12;  此字体下对应的点阵为：宽x高=8x16   --*/
 318          0x80,0x80,0x80,0x00,0x00,0x80,0x80,0x80,0x00,0x81,0x86,0x78,0x18,0x06,0x01,0x00,
 319          
 320          /*--  文字:  z  --*/
 321          /*--  宋体12;  此字体下对应的点阵为：宽x高=8x16   --*/
 322          0x00,0x80,0x80,0x80,0x80,0x80,0x80,0x00,0x00,0x21,0x30,0x2C,0x22,0x21,0x30,0x00,
 323          };
 324          /********************************************************************
 325          函数名称：CheckState
 326          功    能：状态检查，LCD判忙，RS=0写指令，RS=1写数据
 327          参    数：无
 328          返回值  ：无
 329          *********************************************************************/
 330          void CheckState(void)
 331          {
 332   1         uchar dat; //状态信息，判忙
 333   1         RS=0;      //DB7∽DB0为显示指令数据 
 334   1         RW=1;      //数据被读到DB7∽DB0 
 335   1         do{
 336   2            DATA=0x00;
 337   2            EN=1; //EN下降沿
 338   2            dat=DATA;
 339   2            EN=0;
 340   2            dat=0x80 & dat; //DB7为0可操作
 341   2          }while(!(dat==0x00));
 342   1      }
 343          
 344          /********************************************************************
 345          函数名称：SendCommandToLCD
 346          功    能：写命令到LCD，RS=0写指令，RS=1写数据
 347          参    数：com 命令
 348          返回值  ：无
 349          *********************************************************************/
 350          void SendCommandToLCD(uchar com)
 351          {
 352   1         CheckState();//状态检查
 353   1         RS=0;        //向LCD发送命令
 354   1         RW=0;
 355   1         DATA=com;   
 356   1         EN=1;        //EN下降沿
 357   1         EN=0;
 358   1      }
 359          
 360          /********************************************************************
 361          函数名称：SetLine
 362          功    能：设置行（页）
 363          说    明：0xb8是页的首地址，1011 1xxx  设定页地址--xxx,8行=1页，共8页
 364          参    数：page，取值0-7
C51 COMPILER V9.60.7.0   12864                                                             04/22/2023 11:02:33 PAGE 7   

 365          返回值  ：无
 366          使用方法：必要时使用
 367          *********************************************************************/
 368          void SetLine(uchar page)  
 369          {
 370   1        page=0xb8|page; 
 371   1        SendCommandToLCD(page);
 372   1      }
 373          /********************************************************************
 374          函数名称：SetStartLine
 375          功    能：设置从哪行开始：0-63，一般从0 行开始显示
 376          说    明：0xc0是行的首地址
 377          参    数：startline，取值0-63
 378          返回值  ：无
 379          使用方法：必要时使用
 380          *********************************************************************/
 381          void SetStartLine(uchar startline)     
 382          {
 383   1        startline=0xc0|startline; 
 384   1        SendCommandToLCD(startline); 
 385   1      }
 386          /********************************************************************
 387          函数名称：SetColumn
 388          功    能：设置从哪列开始：0-63
 389          说    明：0x40是列的首地址，column最大值为63，越出在0-63间循环 
 390          参    数：column，取值0-63
 391          返回值  ：无
 392          *********************************************************************/
 393          void SetColumn(uchar column)  
 394          {
 395   1         column=column &0x3f; //只取低6位
 396   1         column= 0x40|column; //01xx xxxx
 397   1         SendCommandToLCD(column);
 398   1      }
 399          /********************************************************************
 400          函数名称：SetOnOff
 401          功    能：开关显示
 402          说    明：0x3f是开显示，0x3e是关显示 
 403          参    数：onoff：0-关、1-开
 404          返回值  ：无
 405          使用方法：必要时使用
 406          *********************************************************************/
 407          void SetOnOff(uchar onoff)     
 408          {
 409   1         onoff=0x3e|onoff; //0011 111x
 410   1         SendCommandToLCD(onoff);
 411   1      }
 412          /********************************************************************
 413          函数名称：WriteByte
 414          功    能：写显示数据，RS=0写指令，RS=1写数据，列地址自动加1
 415          参    数：dat：按字节显示数据
 416          返回值  ：无
 417          *********************************************************************/
 418          void WriteByte(uchar dat) 
 419          {
 420   1         CheckState();//状态检查
 421   1         RS=1; 
 422   1         RW=0;
 423   1         DATA=dat;
 424   1         EN=1; //EN下降沿
 425   1         EN=0;
 426   1      }
C51 COMPILER V9.60.7.0   12864                                                             04/22/2023 11:02:33 PAGE 8   

 427          /********************************************************************
 428          函数名称：SelectScreen
 429          功    能：选择屏幕
 430          参    数：screen: 0-全屏,1-左屏,2-右屏
 431          返回值  ：无
 432          使用方法：初始化3或必要时使用
 433          *********************************************************************/
 434          void SelectScreen(uchar screen)   
 435          {
 436   1        switch(screen)
 437   1        {
 438   2          case 0: cs1=0;cs2=0;break; //全屏
 439   2          case 2: cs1=1;cs2=0;break;//左屏    
 440   2          case 1: cs1=0;cs2=1; break;//右屏   
 441   2        }
 442   1      }
 443          /********************************************************************
 444          函数名称：ClearScreen
 445          功    能：清屏
 446          参    数：screen: 0-全屏,1-左屏,2-右屏
 447          返回值  ：无
 448          使用方法：初始化2或必要时使用
 449          *********************************************************************/
 450          void ClearScreen(uchar screen)    
 451          {
 452   1         uchar i,j;
 453   1         SelectScreen(screen);
 454   1         for(i=0;i<8;i++)     //页
 455   1         {
 456   2           SetLine(i);
 457   2           SetColumn(0);
 458   2           for(j=0;j<64;j++)  //列
 459   2           {WriteByte(0x00);} //写
 460   2         }
 461   1      }
 462          
 463          /********************************************************************
 464          函数名称：InitLCD
 465          功    能：初始化LCD
 466          参    数：无
 467          返回值  ：无
 468          使用方法：初始化1
 469          *********************************************************************/
 470          void InitLCD()    
 471          {
 472   1         CheckState();//状态检查
 473   1         SelectScreen(0);
 474   1         SetOnOff(0); //关显示
 475   1         SelectScreen(0);
 476   1         SetOnOff(1); //开显示
 477   1         SelectScreen(0);
 478   1         ClearScreen(0);//清屏
 479   1         SetStartLine(0); //开始行:0
 480   1      }
 481          /********************************************************************
 482          函数名称：Display_HZ
 483          功    能：显示全角汉字
 484          参    数：screen-选择屏幕: 0-全屏,1-左屏,2-右屏
 485                    page-选页参数，每次写一页(8行)，一个汉字占两页
 486                    column-选列参数
 487                    number-汉字库Hzk[]中的第几汉字输出
 488          说    明：宋体、字号12时汉字对应的点阵为：宽x高=16x16,先行再列
C51 COMPILER V9.60.7.0   12864                                                             04/22/2023 11:02:33 PAGE 9   

 489          返回值  ：无
 490          *********************************************************************/
 491          void Display_HZ(uchar screen,uchar page,uchar column,uchar number)
 492          {
 493   1         int i; 
 494   1         SelectScreen(screen);
 495   1         column=column&0x3f;//0011 1111
 496   1         SetLine(page); //写第一页
 497   1         SetColumn(column); //控制列
 498   1         for(i=0;i<16;i++)  //控制16列的数据输出
 499   1         {
 500   2            WriteByte(Hzk[i+32*number]);
 501   2         } //i+32*number汉字的前16个数据输出
 502   1         SetLine(page+1);    //写第二页
 503   1         SetColumn(column);    //控制列
 504   1         for(i=0;i<16;i++)    //控制16列的数据输出
 505   1         {
 506   2            WriteByte(Hzk[i+32*number+16]);
 507   2         }//i+32*number+16汉字的后16个数据输出
 508   1      } 
 509          /********************************************************************
 510          函数名称：Display_ZM
 511          功    能：显示字母
 512          参    数：screen-选择屏幕: 0-全屏,1-左屏,2-右屏
 513                    page-选页参数，每次写一页(8行)，一个字母占两页
 514                    column-选列参数
 515                    number-字母库Zmk[]中的第几字母输出
 516          说    明：宋体、字号12时字母对应的点阵为：宽x高=8x16
 517          返回值  ：无
 518          *********************************************************************/
 519          void Display_ZM(uchar screen,uchar page,uchar column,uchar number)
 520          {
 521   1         int i; 
 522   1         SelectScreen(screen);
 523   1         column=column&0x3f;//0011 1111
 524   1         SetLine(page); //写上半页
 525   1         SetColumn(column); //控制列
 526   1         for(i=0;i<8;i++)  //控制8列的数据输出
 527   1         {
 528   2            WriteByte(Zmk[i+16*number]);
 529   2         } //i+16*number的前8个数据输出
 530   1         SetLine(page+1);    //写下半页
 531   1         SetColumn(column);    //控制列
 532   1         for(i=0;i<8;i++)   //控制8列的数据输出
 533   1         {
 534   2            WriteByte(Zmk[i+16*number+8]);
 535   2         }//i+16*number+8字母的后8个数据输出
 536   1      }
 537          /********************************************************************
 538          函数名称：DisplaySZ
 539          功    能：显示数字
 540          参    数：screen-选择屏幕: 0-全屏,1-左屏,2-右屏
 541                    page-选页参数，每次写一页(8行)，一个数字占两页
 542                    column-选列参数
 543                    number-数字库Szk[]中的第几数字输出
 544          说    明：宋体、字号12时数字对应的点阵为：宽x高=8x16
 545          返回值  ：无
 546          *********************************************************************/
 547          void Display_SZ(uchar screen,uchar page,uchar column,uchar number)
 548          {
 549   1         int i; 
 550   1         SelectScreen(screen);
C51 COMPILER V9.60.7.0   12864                                                             04/22/2023 11:02:33 PAGE 10  

 551   1         column=column&0x3f;//0011 1111
 552   1         SetLine(page); //写上半页
 553   1         SetColumn(column); //控制列
 554   1         for(i=0;i<8;i++)  //控制8列的数据输出
 555   1         {
 556   2            WriteByte(Szk[i+16*number]);
 557   2         } //i+16*number的前8个数据输出
 558   1         SetLine(page+1);    //写下半页
 559   1         SetColumn(column);    //控制列
 560   1         for(i=0;i<8;i++)   //控制8列的数据输出
 561   1         {
 562   2            WriteByte(Szk[i+16*number+8]);
 563   2         }//i+16*number+8数字的后8个数据输出
 564   1      }
 565          /********************************************************************
 566          函数名称：DisplayFH
 567          功    能：显示符号
 568          参    数：screen-选择屏幕: 0-全屏,1-左屏,2-右屏
 569                    page-选页参数，每次写一页(8行)，一个符号占两页
 570                    column-选列参数
 571                    number-符号库Fhk[]中的第几符号输出
 572          说    明：宋体、字号12时符号对应的点阵为：宽x高=8x16
 573          返回值  ：无
 574          *********************************************************************/
 575          void Display_FH(uchar screen,uchar page,uchar column,uchar number)
 576          {
 577   1         int i; 
 578   1         SelectScreen(screen);
 579   1         column=column&0x3f;//0011 1111
 580   1         SetLine(page); //写上半页
 581   1         SetColumn(column); //控制列
 582   1         for(i=0;i<8;i++)  //控制8列的数据输出
 583   1         {
 584   2            WriteByte(Fhk[i+16*number]);
 585   2         } //i+16*number的前8个数据输出
 586   1         SetLine(page+1);    //写下半页
 587   1         SetColumn(column);    //控制列
 588   1         for(i=0;i<8;i++)   //控制8列的数据输出
 589   1         {
 590   2            WriteByte(Fhk[i+16*number+8]);
 591   2         }//i+16*number+8符号的后8个数据输出
 592   1      }
 593          
 594          void Display_string(uchar page,uchar column,uchar *string)
 595          {
 596   1        char i=0,screen=1;
 597   1        while(string[i] != '\0')
 598   1          {
 599   2            if(i+column>7)screen = 2;
 600   2            
 601   2            if(string[i] >= 'A' && string[i] <= 'Z')
 602   2            {
 603   3                Display_ZM(screen,page*2,(i+column)*8%64,string[i]-'A');
 604   3            }
 605   2            else if(string[i] >= 'a' && string[i] <= 'z')
 606   2            {
 607   3                Display_ZM(screen,page*2,(i+column)*8%64,string[i]-'a'+26);     
 608   3            }
 609   2            else if(string[i] >= '0' && string[i] <= '9')
 610   2            {
 611   3                Display_SZ(screen,page*2,(i+column)*8%64,string[i]-'0');      
 612   3            }
C51 COMPILER V9.60.7.0   12864                                                             04/22/2023 11:02:33 PAGE 11  

 613   2            else if(string[i] == ' ')
 614   2            {
 615   3                Display_FH(screen,page*2,(i+column)*8%64,0);      
 616   3            }     
 617   2            i++;
 618   2          }
 619   1      }


MODULE INFORMATION:   STATIC OVERLAYABLE
   CODE SIZE        =    896    ----
   CONSTANT SIZE    =   1248    ----
   XDATA SIZE       =   ----    ----
   PDATA SIZE       =   ----    ----
   DATA SIZE        =   ----      23
   IDATA SIZE       =   ----    ----
   BIT SIZE         =   ----    ----
END OF MODULE INFORMATION.


C51 COMPILATION COMPLETE.  0 WARNING(S),  0 ERROR(S)
